DID:
**empty**

DOING:
**empty**

BLOCKERS:
- test blocker item

SIDEBARS:
**empty**
