DID:
**empty**

DOING:
**empty**

BLOCKERS:
- test blocker item 1
- test blocker item 2

SIDEBARS:
**empty**
