DID:
- test did item

DOING:
**empty**

BLOCKERS:
**empty**

SIDEBARS:
**empty**
