DID:
- test did item

DOING:
- test doing item

BLOCKERS:
**empty**

SIDEBARS:
**empty**
