DID:
- test did item 1
- test did item 2

DOING:
**empty**

BLOCKERS:
**empty**

SIDEBARS:
**empty**
