DID:
**empty**

DOING:
- test doing item

BLOCKERS:
**empty**

SIDEBARS:
**empty**
