DID:
**empty**

DOING:
- test doing item 1
- test doing item 2

BLOCKERS:
**empty**

SIDEBARS:
**empty**
