DID:
**empty**

DOING:
**empty**

BLOCKERS:
**empty**

SIDEBARS:
**empty**
