DID:
**empty**

DOING:
**empty**

BLOCKERS:
**empty**

SIDEBARS:
- test sidebar item
