DID:
**empty**

DOING:
**empty**

BLOCKERS:
**empty**

SIDEBARS:
- test sidebar item 1
- test sidebar item 2
